127.0.0.1 - - [14/Dec/2023:12:01:07 +0530] "GET /phpmyadmin/themes/pmahomme/img/b_drop.png HTTP/1.1" 200 637 "http://localhost/phpmyadmin/themes/pmahomme/css/theme.css?v=5.2.1" "Mozilla/5.0 (Windows NT 10.0; Win64; x64; rv:120.0) Gecko/20100101 Firefox/120.0"
127.0.0.1 - - [14/Dec/2023:12:01:07 +0530] "GET /phpmyadmin/themes/pmahomme/img/b_print.png HTTP/1.1" 200 639 "http://localhost/phpmyadmin/themes/pmahomme/css/theme.css?v=5.2.1" "Mozilla/5.0 (Windows NT 10.0; Win64; x64; rv:120.0) Gecko/20100101 Firefox/120.0"
127.0.0.1 - - [14/Dec/2023:12:01:07 +0530] "GET /phpmyadmin/themes/pmahomme/img/b_tblanalyse.png HTTP/1.1" 200 152 "http://localhost/phpmyadmin/themes/pmahomme/css/theme.css?v=5.2.1" "Mozilla/5.0 (Windows NT 10.0; Win64; x64; rv:120.0) Gecko/20100101 Firefox/120.0"
127.0.0.1 - - [14/Dec/2023:12:01:07 +0530] "GET /phpmyadmin/themes/pmahomme/img/b_table_add.png HTTP/1.1" 200 571 "http://localhost/phpmyadmin/themes/pmahomme/css/theme.css?v=5.2.1" "Mozilla/5.0 (Windows NT 10.0; Win64; x64; rv:120.0) Gecko/20100101 Firefox/120.0"
127.0.0.1 - - [14/Dec/2023:12:01:07 +0530] "POST /phpmyadmin/index.php?route=/navigation&ajax_request=1 HTTP/1.1" 200 1891 "-" "Mozilla/5.0 (Windows NT 10.0; Win64; x64; rv:120.0) Gecko/20100101 Firefox/120.0"
127.0.0.1 - - [14/Dec/2023:12:01:07 +0530] "GET /phpmyadmin/themes/pmahomme/img/b_minus.png HTTP/1.1" 200 123 "http://localhost/phpmyadmin/themes/pmahomme/css/theme.css?v=5.2.1" "Mozilla/5.0 (Windows NT 10.0; Win64; x64; rv:120.0) Gecko/20100101 Firefox/120.0"
127.0.0.1 - - [14/Dec/2023:12:01:13 +0530] "GET /phpmyadmin/index.php?route=/sql&pos=0&db=playground&table=file_upload&ajax_request=true&ajax_page_request=true&_nocache=1702535473167953364&token=5637506a73324a6f594c3e4b24555942 HTTP/1.1" 200 7354 "-" "Mozilla/5.0 (Windows NT 10.0; Win64; x64; rv:120.0) Gecko/20100101 Firefox/120.0"
127.0.0.1 - - [14/Dec/2023:12:01:14 +0530] "GET /phpmyadmin/themes/pmahomme/img/s_fulltext.png HTTP/1.1" 200 176 "-" "Mozilla/5.0 (Windows NT 10.0; Win64; x64; rv:120.0) Gecko/20100101 Firefox/120.0"
127.0.0.1 - - [14/Dec/2023:12:01:14 +0530] "GET /phpmyadmin/themes/pmahomme/img/s_tbl.png HTTP/1.1" 200 645 "http://localhost/phpmyadmin/themes/pmahomme/css/theme.css?v=5.2.1" "Mozilla/5.0 (Windows NT 10.0; Win64; x64; rv:120.0) Gecko/20100101 Firefox/120.0"
127.0.0.1 - - [14/Dec/2023:12:01:14 +0530] "GET /phpmyadmin/themes/pmahomme/img/b_tblexport.png HTTP/1.1" 200 514 "http://localhost/phpmyadmin/themes/pmahomme/css/theme.css?v=5.2.1" "Mozilla/5.0 (Windows NT 10.0; Win64; x64; rv:120.0) Gecko/20100101 Firefox/120.0"
127.0.0.1 - - [14/Dec/2023:12:01:14 +0530] "GET /phpmyadmin/themes/pmahomme/img/b_tblimport.png HTTP/1.1" 200 556 "http://localhost/phpmyadmin/themes/pmahomme/css/theme.css?v=5.2.1" "Mozilla/5.0 (Windows NT 10.0; Win64; x64; rv:120.0) Gecko/20100101 Firefox/120.0"
127.0.0.1 - - [14/Dec/2023:12:01:14 +0530] "GET /phpmyadmin/themes/pmahomme/img/s_success.png HTTP/1.1" 200 465 "http://localhost/phpmyadmin/themes/pmahomme/css/theme.css?v=5.2.1" "Mozilla/5.0 (Windows NT 10.0; Win64; x64; rv:120.0) Gecko/20100101 Firefox/120.0"
127.0.0.1 - - [14/Dec/2023:12:01:14 +0530] "GET /phpmyadmin/themes/pmahomme/img/b_edit.png HTTP/1.1" 200 377 "http://localhost/phpmyadmin/themes/pmahomme/css/theme.css?v=5.2.1" "Mozilla/5.0 (Windows NT 10.0; Win64; x64; rv:120.0) Gecko/20100101 Firefox/120.0"
127.0.0.1 - - [14/Dec/2023:12:01:14 +0530] "GET /phpmyadmin/themes/pmahomme/img/b_chart.png HTTP/1.1" 200 449 "http://localhost/phpmyadmin/themes/pmahomme/css/theme.css?v=5.2.1" "Mozilla/5.0 (Windows NT 10.0; Win64; x64; rv:120.0) Gecko/20100101 Firefox/120.0"
127.0.0.1 - - [14/Dec/2023:12:01:14 +0530] "GET /phpmyadmin/themes/pmahomme/img/b_view_add.png HTTP/1.1" 200 678 "http://localhost/phpmyadmin/themes/pmahomme/css/theme.css?v=5.2.1" "Mozilla/5.0 (Windows NT 10.0; Win64; x64; rv:120.0) Gecko/20100101 Firefox/120.0"
127.0.0.1 - - [14/Dec/2023:12:01:14 +0530] "GET /phpmyadmin/themes/pmahomme/img/col_pointer.png HTTP/1.1" 200 102 "http://localhost/phpmyadmin/themes/pmahomme/css/theme.css?v=5.2.1" "Mozilla/5.0 (Windows NT 10.0; Win64; x64; rv:120.0) Gecko/20100101 Firefox/120.0"
127.0.0.1 - - [14/Dec/2023:12:01:14 +0530] "GET /phpmyadmin/themes/pmahomme/img/col_drop.png HTTP/1.1" 200 111 "http://localhost/phpmyadmin/themes/pmahomme/css/theme.css?v=5.2.1" "Mozilla/5.0 (Windows NT 10.0; Win64; x64; rv:120.0) Gecko/20100101 Firefox/120.0"
127.0.0.1 - - [14/Dec/2023:12:01:14 +0530] "GET /phpmyadmin/index.php?route=/recent-table&ajax_request=1&recent_table=1&no_debug=true&_nocache=1702535474242122496&token=5637506a73324a6f594c3e4b24555942 HTTP/1.1" 200 1518 "-" "Mozilla/5.0 (Windows NT 10.0; Win64; x64; rv:120.0) Gecko/20100101 Firefox/120.0"
127.0.0.1 - - [14/Dec/2023:12:01:17 +0530] "GET /phpmyadmin/index.php?route=/table/sql&db=playground&table=file_upload&ajax_request=true&ajax_page_request=true&_nocache=1702535477512478031&token=5637506a73324a6f594c3e4b24555942 HTTP/1.1" 200 5392 "-" "Mozilla/5.0 (Windows NT 10.0; Win64; x64; rv:120.0) Gecko/20100101 Firefox/120.0"
127.0.0.1 - - [14/Dec/2023:12:01:17 +0530] "GET /phpmyadmin/index.php?route=/recent-table&ajax_request=1&recent_table=1&no_debug=true&_nocache=1702535477855951611&token=5637506a73324a6f594c3e4b24555942 HTTP/1.1" 200 1518 "-" "Mozilla/5.0 (Windows NT 10.0; Win64; x64; rv:120.0) Gecko/20100101 Firefox/120.0"
127.0.0.1 - - [14/Dec/2023:12:01:17 +0530] "POST /phpmyadmin/index.php?route=/lint HTTP/1.1" 200 28 "-" "Mozilla/5.0 (Windows NT 10.0; Win64; x64; rv:120.0) Gecko/20100101 Firefox/120.0"
127.0.0.1 - - [14/Dec/2023:12:01:22 +0530] "GET /phpmyadmin/themes/pmahomme/img/s_lock.png HTTP/1.1" 200 667 "http://localhost/phpmyadmin/themes/pmahomme/css/theme.css?v=5.2.1" "Mozilla/5.0 (Windows NT 10.0; Win64; x64; rv:120.0) Gecko/20100101 Firefox/120.0"
127.0.0.1 - - [14/Dec/2023:12:01:51 +0530] "POST /phpmyadmin/index.php?route=/database/sql/autocomplete HTTP/1.1" 200 1749 "-" "Mozilla/5.0 (Windows NT 10.0; Win64; x64; rv:120.0) Gecko/20100101 Firefox/120.0"
127.0.0.1 - - [14/Dec/2023:12:01:52 +0530] "POST /phpmyadmin/index.php?route=/lint HTTP/1.1" 200 157 "-" "Mozilla/5.0 (Windows NT 10.0; Win64; x64; rv:120.0) Gecko/20100101 Firefox/120.0"
127.0.0.1 - - [14/Dec/2023:12:01:56 +0530] "POST /phpmyadmin/index.php?route=/lint HTTP/1.1" 200 142 "-" "Mozilla/5.0 (Windows NT 10.0; Win64; x64; rv:120.0) Gecko/20100101 Firefox/120.0"
127.0.0.1 - - [14/Dec/2023:12:02:00 +0530] "POST /phpmyadmin/index.php?route=/lint HTTP/1.1" 200 28 "-" "Mozilla/5.0 (Windows NT 10.0; Win64; x64; rv:120.0) Gecko/20100101 Firefox/120.0"
127.0.0.1 - - [14/Dec/2023:12:02:08 +0530] "POST /phpmyadmin/index.php?route=/import HTTP/1.1" 200 2033 "-" "Mozilla/5.0 (Windows NT 10.0; Win64; x64; rv:120.0) Gecko/20100101 Firefox/120.0"
127.0.0.1 - - [14/Dec/2023:12:02:09 +0530] "POST /phpmyadmin/index.php?route=/navigation&ajax_request=1 HTTP/1.1" 200 2717 "-" "Mozilla/5.0 (Windows NT 10.0; Win64; x64; rv:120.0) Gecko/20100101 Firefox/120.0"
127.0.0.1 - - [14/Dec/2023:12:02:26 +0530] "GET /phpmyadmin/index.php?route=/sql&pos=0&db=playground&table=company&ajax_request=true&ajax_page_request=true&_nocache=1702535546070320010&token=5637506a73324a6f594c3e4b24555942 HTTP/1.1" 200 5260 "-" "Mozilla/5.0 (Windows NT 10.0; Win64; x64; rv:120.0) Gecko/20100101 Firefox/120.0"
127.0.0.1 - - [14/Dec/2023:12:02:26 +0530] "GET /phpmyadmin/index.php?route=/recent-table&ajax_request=1&recent_table=1&no_debug=true&_nocache=1702535546414853207&token=5637506a73324a6f594c3e4b24555942 HTTP/1.1" 200 1533 "-" "Mozilla/5.0 (Windows NT 10.0; Win64; x64; rv:120.0) Gecko/20100101 Firefox/120.0"
::1 - - [14/Dec/2023:12:10:35 +0530] "GET /phpscript/ HTTP/1.1" 200 1549 "-" "Mozilla/5.0 (Windows NT 10.0; Win64; x64) AppleWebKit/537.36 (KHTML, like Gecko) Chrome/120.0.0.0 Safari/537.36"
::1 - - [14/Dec/2023:12:10:41 +0530] "GET /company/ HTTP/1.1" 200 982 "-" "Mozilla/5.0 (Windows NT 10.0; Win64; x64) AppleWebKit/537.36 (KHTML, like Gecko) Chrome/120.0.0.0 Safari/537.36"
::1 - - [14/Dec/2023:12:10:43 +0530] "GET /company/create.php HTTP/1.1" 200 2022 "http://localhost/company/" "Mozilla/5.0 (Windows NT 10.0; Win64; x64) AppleWebKit/537.36 (KHTML, like Gecko) Chrome/120.0.0.0 Safari/537.36"
::1 - - [14/Dec/2023:12:11:11 +0530] "POST /company/create.php HTTP/1.1" 200 2051 "http://localhost/company/create.php" "Mozilla/5.0 (Windows NT 10.0; Win64; x64) AppleWebKit/537.36 (KHTML, like Gecko) Chrome/120.0.0.0 Safari/537.36"
127.0.0.1 - - [14/Dec/2023:12:11:17 +0530] "GET /phpmyadmin/index.php?route=/sql&pos=0&db=playground&table=company HTTP/1.1" 200 15372 "-" "Mozilla/5.0 (Windows NT 10.0; Win64; x64; rv:120.0) Gecko/20100101 Firefox/120.0"
127.0.0.1 - - [14/Dec/2023:12:11:19 +0530] "POST /phpmyadmin/index.php?route=/navigation&ajax_request=1 HTTP/1.1" 200 2728 "-" "Mozilla/5.0 (Windows NT 10.0; Win64; x64; rv:120.0) Gecko/20100101 Firefox/120.0"
127.0.0.1 - - [14/Dec/2023:12:11:19 +0530] "POST /phpmyadmin/index.php?route=/config/get HTTP/1.1" 200 1468 "-" "Mozilla/5.0 (Windows NT 10.0; Win64; x64; rv:120.0) Gecko/20100101 Firefox/120.0"
127.0.0.1 - - [14/Dec/2023:12:11:19 +0530] "POST /phpmyadmin/index.php?route=/config/get HTTP/1.1" 200 1558 "-" "Mozilla/5.0 (Windows NT 10.0; Win64; x64; rv:120.0) Gecko/20100101 Firefox/120.0"
127.0.0.1 - - [14/Dec/2023:12:11:19 +0530] "GET /phpmyadmin/index.php?route=/recent-table&ajax_request=1&recent_table=1&no_debug=true&_nocache=170253607926552194&token=5637506a73324a6f594c3e4b24555942 HTTP/1.1" 200 1533 "-" "Mozilla/5.0 (Windows NT 10.0; Win64; x64; rv:120.0) Gecko/20100101 Firefox/120.0"
127.0.0.1 - - [14/Dec/2023:12:11:19 +0530] "POST /phpmyadmin/index.php?route=/config/set HTTP/1.1" 200 1459 "-" "Mozilla/5.0 (Windows NT 10.0; Win64; x64; rv:120.0) Gecko/20100101 Firefox/120.0"
::1 - - [14/Dec/2023:12:13:52 +0530] "POST /company/create.php HTTP/1.1" 200 323 "http://localhost/company/create.php" "Mozilla/5.0 (Windows NT 10.0; Win64; x64) AppleWebKit/537.36 (KHTML, like Gecko) Chrome/120.0.0.0 Safari/537.36"
::1 - - [14/Dec/2023:12:14:02 +0530] "GET /company/create.php HTTP/1.1" 200 2022 "-" "Mozilla/5.0 (Windows NT 10.0; Win64; x64) AppleWebKit/537.36 (KHTML, like Gecko) Chrome/120.0.0.0 Safari/537.36"
::1 - - [14/Dec/2023:12:14:17 +0530] "POST /company/create.php HTTP/1.1" 200 2051 "http://localhost/company/create.php" "Mozilla/5.0 (Windows NT 10.0; Win64; x64) AppleWebKit/537.36 (KHTML, like Gecko) Chrome/120.0.0.0 Safari/537.36"
::1 - - [14/Dec/2023:12:14:30 +0530] "GET /company/view.php HTTP/1.1" 200 1418 "-" "Mozilla/5.0 (Windows NT 10.0; Win64; x64) AppleWebKit/537.36 (KHTML, like Gecko) Chrome/120.0.0.0 Safari/537.36"
::1 - - [14/Dec/2023:12:16:51 +0530] "GET /company/view.php HTTP/1.1" 200 2061 "-" "Mozilla/5.0 (Windows NT 10.0; Win64; x64) AppleWebKit/537.36 (KHTML, like Gecko) Chrome/120.0.0.0 Safari/537.36"
::1 - - [14/Dec/2023:12:16:57 +0530] "POST /company/view.php HTTP/1.1" 200 1613 "http://localhost/company/view.php" "Mozilla/5.0 (Windows NT 10.0; Win64; x64) AppleWebKit/537.36 (KHTML, like Gecko) Chrome/120.0.0.0 Safari/537.36"
::1 - - [14/Dec/2023:12:17:45 +0530] "GET /phpscript/ HTTP/1.1" 200 1549 "-" "Mozilla/5.0 (Windows NT 10.0; Win64; x64) AppleWebKit/537.36 (KHTML, like Gecko) Chrome/120.0.0.0 Safari/537.36"
::1 - - [14/Dec/2023:12:18:47 +0530] "POST /company/view.php HTTP/1.1" 200 1852 "http://localhost/company/view.php" "Mozilla/5.0 (Windows NT 10.0; Win64; x64) AppleWebKit/537.36 (KHTML, like Gecko) Chrome/120.0.0.0 Safari/537.36"
::1 - - [14/Dec/2023:12:18:49 +0530] "POST /company/view.php HTTP/1.1" 200 2191 "http://localhost/company/view.php" "Mozilla/5.0 (Windows NT 10.0; Win64; x64) AppleWebKit/537.36 (KHTML, like Gecko) Chrome/120.0.0.0 Safari/537.36"
::1 - - [14/Dec/2023:12:18:54 +0530] "POST /company/view.php HTTP/1.1" 200 1853 "http://localhost/company/view.php" "Mozilla/5.0 (Windows NT 10.0; Win64; x64) AppleWebKit/537.36 (KHTML, like Gecko) Chrome/120.0.0.0 Safari/537.36"
::1 - - [14/Dec/2023:12:20:22 +0530] "GET /phpscript/ HTTP/1.1" 200 1549 "-" "Mozilla/5.0 (Windows NT 10.0; Win64; x64) AppleWebKit/537.36 (KHTML, like Gecko) Chrome/120.0.0.0 Safari/537.36"
::1 - - [14/Dec/2023:12:20:28 +0530] "GET /phpscript/download.php HTTP/1.1" 200 1940 "-" "Mozilla/5.0 (Windows NT 10.0; Win64; x64) AppleWebKit/537.36 (KHTML, like Gecko) Chrome/120.0.0.0 Safari/537.36"
::1 - - [14/Dec/2023:12:20:38 +0530] "GET /dbms/display.php HTTP/1.1" 200 2116 "-" "Mozilla/5.0 (Windows NT 10.0; Win64; x64) AppleWebKit/537.36 (KHTML, like Gecko) Chrome/120.0.0.0 Safari/537.36"
::1 - - [14/Dec/2023:12:20:41 +0530] "POST /dbms/display.php HTTP/1.1" 200 2693 "http://localhost/dbms/display.php" "Mozilla/5.0 (Windows NT 10.0; Win64; x64) AppleWebKit/537.36 (KHTML, like Gecko) Chrome/120.0.0.0 Safari/537.36"
::1 - - [14/Dec/2023:12:20:46 +0530] "POST /dbms/display.php HTTP/1.1" 200 2114 "http://localhost/dbms/display.php" "Mozilla/5.0 (Windows NT 10.0; Win64; x64) AppleWebKit/537.36 (KHTML, like Gecko) Chrome/120.0.0.0 Safari/537.36"
::1 - - [14/Dec/2023:12:20:52 +0530] "POST /company/view.php HTTP/1.1" 200 2193 "http://localhost/company/view.php" "Mozilla/5.0 (Windows NT 10.0; Win64; x64) AppleWebKit/537.36 (KHTML, like Gecko) Chrome/120.0.0.0 Safari/537.36"
::1 - - [14/Dec/2023:12:20:59 +0530] "POST /company/view.php HTTP/1.1" 200 1853 "http://localhost/company/view.php" "Mozilla/5.0 (Windows NT 10.0; Win64; x64) AppleWebKit/537.36 (KHTML, like Gecko) Chrome/120.0.0.0 Safari/537.36"
::1 - - [14/Dec/2023:12:23:19 +0530] "POST /company/view.php HTTP/1.1" 200 1853 "http://localhost/company/view.php" "Mozilla/5.0 (Windows NT 10.0; Win64; x64) AppleWebKit/537.36 (KHTML, like Gecko) Chrome/120.0.0.0 Safari/537.36"
::1 - - [14/Dec/2023:12:23:21 +0530] "POST /company/view.php HTTP/1.1" 200 2193 "http://localhost/company/view.php" "Mozilla/5.0 (Windows NT 10.0; Win64; x64) AppleWebKit/537.36 (KHTML, like Gecko) Chrome/120.0.0.0 Safari/537.36"
::1 - - [14/Dec/2023:12:23:28 +0530] "POST /company/view.php HTTP/1.1" 200 1853 "http://localhost/company/view.php" "Mozilla/5.0 (Windows NT 10.0; Win64; x64) AppleWebKit/537.36 (KHTML, like Gecko) Chrome/120.0.0.0 Safari/537.36"
::1 - - [14/Dec/2023:12:25:11 +0530] "POST /company/view.php HTTP/1.1" 200 1853 "http://localhost/company/view.php" "Mozilla/5.0 (Windows NT 10.0; Win64; x64) AppleWebKit/537.36 (KHTML, like Gecko) Chrome/120.0.0.0 Safari/537.36"
::1 - - [14/Dec/2023:12:25:13 +0530] "POST /company/view.php HTTP/1.1" 200 2193 "http://localhost/company/view.php" "Mozilla/5.0 (Windows NT 10.0; Win64; x64) AppleWebKit/537.36 (KHTML, like Gecko) Chrome/120.0.0.0 Safari/537.36"
::1 - - [14/Dec/2023:12:25:17 +0530] "POST /company/view.php HTTP/1.1" 200 1851 "http://localhost/company/view.php" "Mozilla/5.0 (Windows NT 10.0; Win64; x64) AppleWebKit/537.36 (KHTML, like Gecko) Chrome/120.0.0.0 Safari/537.36"
127.0.0.1 - - [14/Dec/2023:12:25:45 +0530] "GET /phpmyadmin/index.php?route=/sql&pos=0&db=playground&table=company&ajax_request=true&ajax_page_request=true&_nocache=1702536945528330125&token=5637506a73324a6f594c3e4b24555942 HTTP/1.1" 200 7298 "-" "Mozilla/5.0 (Windows NT 10.0; Win64; x64; rv:120.0) Gecko/20100101 Firefox/120.0"
127.0.0.1 - - [14/Dec/2023:12:25:46 +0530] "GET /phpmyadmin/index.php?route=/recent-table&ajax_request=1&recent_table=1&no_debug=true&_nocache=1702536946153339329&token=5637506a73324a6f594c3e4b24555942 HTTP/1.1" 200 1533 "-" "Mozilla/5.0 (Windows NT 10.0; Win64; x64; rv:120.0) Gecko/20100101 Firefox/120.0"
127.0.0.1 - - [14/Dec/2023:12:25:48 +0530] "GET /phpmyadmin/index.php?route=/table/sql&db=playground&table=company&ajax_request=true&ajax_page_request=true&_nocache=1702536948058650074&token=5637506a73324a6f594c3e4b24555942 HTTP/1.1" 200 5371 "-" "Mozilla/5.0 (Windows NT 10.0; Win64; x64; rv:120.0) Gecko/20100101 Firefox/120.0"
127.0.0.1 - - [14/Dec/2023:12:25:48 +0530] "GET /phpmyadmin/index.php?route=/recent-table&ajax_request=1&recent_table=1&no_debug=true&_nocache=1702536948295871402&token=5637506a73324a6f594c3e4b24555942 HTTP/1.1" 200 1533 "-" "Mozilla/5.0 (Windows NT 10.0; Win64; x64; rv:120.0) Gecko/20100101 Firefox/120.0"
127.0.0.1 - - [14/Dec/2023:12:25:48 +0530] "POST /phpmyadmin/index.php?route=/lint HTTP/1.1" 200 28 "-" "Mozilla/5.0 (Windows NT 10.0; Win64; x64; rv:120.0) Gecko/20100101 Firefox/120.0"
127.0.0.1 - - [14/Dec/2023:12:25:50 +0530] "POST /phpmyadmin/index.php?route=/database/sql/autocomplete HTTP/1.1" 200 1789 "-" "Mozilla/5.0 (Windows NT 10.0; Win64; x64; rv:120.0) Gecko/20100101 Firefox/120.0"
127.0.0.1 - - [14/Dec/2023:12:25:51 +0530] "POST /phpmyadmin/index.php?route=/lint HTTP/1.1" 200 143 "-" "Mozilla/5.0 (Windows NT 10.0; Win64; x64; rv:120.0) Gecko/20100101 Firefox/120.0"
127.0.0.1 - - [14/Dec/2023:12:25:57 +0530] "POST /phpmyadmin/index.php?route=/lint HTTP/1.1" 200 28 "-" "Mozilla/5.0 (Windows NT 10.0; Win64; x64; rv:120.0) Gecko/20100101 Firefox/120.0"
127.0.0.1 - - [14/Dec/2023:12:26:00 +0530] "POST /phpmyadmin/index.php?route=/import HTTP/1.1" 200 2071 "-" "Mozilla/5.0 (Windows NT 10.0; Win64; x64; rv:120.0) Gecko/20100101 Firefox/120.0"
127.0.0.1 - - [14/Dec/2023:12:26:00 +0530] "POST /phpmyadmin/index.php?route=/navigation&ajax_request=1 HTTP/1.1" 200 2778 "-" "Mozilla/5.0 (Windows NT 10.0; Win64; x64; rv:120.0) Gecko/20100101 Firefox/120.0"
::1 - - [14/Dec/2023:12:31:09 +0530] "GET /phpscript/ HTTP/1.1" 200 1549 "-" "Mozilla/5.0 (Windows NT 10.0; Win64; x64) AppleWebKit/537.36 (KHTML, like Gecko) Chrome/120.0.0.0 Safari/537.36"
::1 - - [14/Dec/2023:12:31:19 +0530] "GET /placement/ HTTP/1.1" 200 983 "-" "Mozilla/5.0 (Windows NT 10.0; Win64; x64) AppleWebKit/537.36 (KHTML, like Gecko) Chrome/120.0.0.0 Safari/537.36"
::1 - - [14/Dec/2023:12:31:21 +0530] "GET /placement/add.php HTTP/1.1" 200 2055 "http://localhost/placement/" "Mozilla/5.0 (Windows NT 10.0; Win64; x64) AppleWebKit/537.36 (KHTML, like Gecko) Chrome/120.0.0.0 Safari/537.36"
::1 - - [14/Dec/2023:12:32:29 +0530] "POST /placement/add.php HTTP/1.1" 200 468 "http://localhost/placement/add.php" "Mozilla/5.0 (Windows NT 10.0; Win64; x64) AppleWebKit/537.36 (KHTML, like Gecko) Chrome/120.0.0.0 Safari/537.36"
::1 - - [14/Dec/2023:12:32:40 +0530] "POST /placement/add.php HTTP/1.1" 200 468 "http://localhost/placement/add.php" "Mozilla/5.0 (Windows NT 10.0; Win64; x64) AppleWebKit/537.36 (KHTML, like Gecko) Chrome/120.0.0.0 Safari/537.36"
::1 - - [14/Dec/2023:12:34:44 +0530] "POST /placement/add.php HTTP/1.1" 200 468 "http://localhost/placement/add.php" "Mozilla/5.0 (Windows NT 10.0; Win64; x64) AppleWebKit/537.36 (KHTML, like Gecko) Chrome/120.0.0.0 Safari/537.36"
::1 - - [14/Dec/2023:12:34:47 +0530] "GET /placement/add.php HTTP/1.1" 200 2055 "-" "Mozilla/5.0 (Windows NT 10.0; Win64; x64) AppleWebKit/537.36 (KHTML, like Gecko) Chrome/120.0.0.0 Safari/537.36"
::1 - - [14/Dec/2023:12:34:56 +0530] "POST /placement/add.php HTTP/1.1" 200 2084 "http://localhost/placement/add.php" "Mozilla/5.0 (Windows NT 10.0; Win64; x64) AppleWebKit/537.36 (KHTML, like Gecko) Chrome/120.0.0.0 Safari/537.36"
::1 - - [14/Dec/2023:12:37:10 +0530] "GET /placement/display.php HTTP/1.1" 200 1625 "-" "Mozilla/5.0 (Windows NT 10.0; Win64; x64) AppleWebKit/537.36 (KHTML, like Gecko) Chrome/120.0.0.0 Safari/537.36"
::1 - - [14/Dec/2023:12:38:27 +0530] "GET /placement/display.php HTTP/1.1" 200 1864 "-" "Mozilla/5.0 (Windows NT 10.0; Win64; x64) AppleWebKit/537.36 (KHTML, like Gecko) Chrome/120.0.0.0 Safari/537.36"
::1 - - [14/Dec/2023:12:38:30 +0530] "POST /placement/display.php HTTP/1.1" 200 2234 "http://localhost/placement/display.php" "Mozilla/5.0 (Windows NT 10.0; Win64; x64) AppleWebKit/537.36 (KHTML, like Gecko) Chrome/120.0.0.0 Safari/537.36"
::1 - - [14/Dec/2023:12:38:39 +0530] "POST /placement/display.php HTTP/1.1" 200 1864 "http://localhost/placement/display.php" "Mozilla/5.0 (Windows NT 10.0; Win64; x64) AppleWebKit/537.36 (KHTML, like Gecko) Chrome/120.0.0.0 Safari/537.36"
::1 - - [14/Dec/2023:12:38:46 +0530] "POST /placement/display.php HTTP/1.1" 200 1864 "http://localhost/placement/display.php" "Mozilla/5.0 (Windows NT 10.0; Win64; x64) AppleWebKit/537.36 (KHTML, like Gecko) Chrome/120.0.0.0 Safari/537.36"
::1 - - [14/Dec/2023:12:38:52 +0530] "POST /placement/display.php HTTP/1.1" 200 2234 "http://localhost/placement/display.php" "Mozilla/5.0 (Windows NT 10.0; Win64; x64) AppleWebKit/537.36 (KHTML, like Gecko) Chrome/120.0.0.0 Safari/537.36"
::1 - - [14/Dec/2023:12:39:00 +0530] "POST /placement/display.php HTTP/1.1" 200 1864 "http://localhost/placement/display.php" "Mozilla/5.0 (Windows NT 10.0; Win64; x64) AppleWebKit/537.36 (KHTML, like Gecko) Chrome/120.0.0.0 Safari/537.36"
::1 - - [14/Dec/2023:12:39:04 +0530] "POST /placement/display.php HTTP/1.1" 200 1864 "http://localhost/placement/display.php" "Mozilla/5.0 (Windows NT 10.0; Win64; x64) AppleWebKit/537.36 (KHTML, like Gecko) Chrome/120.0.0.0 Safari/537.36"
::1 - - [14/Dec/2023:12:39:06 +0530] "POST /placement/display.php HTTP/1.1" 200 804 "http://localhost/placement/display.php" "Mozilla/5.0 (Windows NT 10.0; Win64; x64) AppleWebKit/537.36 (KHTML, like Gecko) Chrome/120.0.0.0 Safari/537.36"
::1 - - [14/Dec/2023:12:40:40 +0530] "POST /placement/display.php HTTP/1.1" 200 804 "http://localhost/placement/display.php" "Mozilla/5.0 (Windows NT 10.0; Win64; x64) AppleWebKit/537.36 (KHTML, like Gecko) Chrome/120.0.0.0 Safari/537.36"
::1 - - [14/Dec/2023:12:41:30 +0530] "GET /placement/add.php HTTP/1.1" 200 2055 "-" "Mozilla/5.0 (Windows NT 10.0; Win64; x64) AppleWebKit/537.36 (KHTML, like Gecko) Chrome/120.0.0.0 Safari/537.36"
127.0.0.1 - - [14/Dec/2023:12:55:05 +0530] "POST /phpmyadmin/index.php?route=/ HTTP/1.1" 200 1506 "-" "Mozilla/5.0 (Windows NT 10.0; Win64; x64; rv:120.0) Gecko/20100101 Firefox/120.0"
::1 - - [14/Dec/2023:12:55:33 +0530] "POST /placement/add.php HTTP/1.1" 200 2084 "http://localhost/placement/add.php" "Mozilla/5.0 (Windows NT 10.0; Win64; x64) AppleWebKit/537.36 (KHTML, like Gecko) Chrome/120.0.0.0 Safari/537.36"
::1 - - [14/Dec/2023:12:55:44 +0530] "GET /placement/display.php HTTP/1.1" 200 1863 "-" "Mozilla/5.0 (Windows NT 10.0; Win64; x64) AppleWebKit/537.36 (KHTML, like Gecko) Chrome/120.0.0.0 Safari/537.36"
::1 - - [14/Dec/2023:12:55:47 +0530] "POST /placement/display.php HTTP/1.1" 200 2232 "http://localhost/placement/display.php" "Mozilla/5.0 (Windows NT 10.0; Win64; x64) AppleWebKit/537.36 (KHTML, like Gecko) Chrome/120.0.0.0 Safari/537.36"
::1 - - [14/Dec/2023:12:55:56 +0530] "POST /placement/display.php HTTP/1.1" 200 1862 "http://localhost/placement/display.php" "Mozilla/5.0 (Windows NT 10.0; Win64; x64) AppleWebKit/537.36 (KHTML, like Gecko) Chrome/120.0.0.0 Safari/537.36"
127.0.0.1 - - [14/Dec/2023:12:59:52 +0530] "GET /phpmyadmin/index.php?route=/table/sql&db=playground&table=company&ajax_request=true&ajax_page_request=true&_nocache=1702538992524114619&token=5637506a73324a6f594c3e4b24555942 HTTP/1.1" 200 5371 "-" "Mozilla/5.0 (Windows NT 10.0; Win64; x64; rv:120.0) Gecko/20100101 Firefox/120.0"
127.0.0.1 - - [14/Dec/2023:12:59:52 +0530] "GET /phpmyadmin/index.php?route=/recent-table&ajax_request=1&recent_table=1&no_debug=true&_nocache=1702538992781172308&token=5637506a73324a6f594c3e4b24555942 HTTP/1.1" 200 1533 "-" "Mozilla/5.0 (Windows NT 10.0; Win64; x64; rv:120.0) Gecko/20100101 Firefox/120.0"
127.0.0.1 - - [14/Dec/2023:12:59:52 +0530] "POST /phpmyadmin/index.php?route=/lint HTTP/1.1" 200 28 "-" "Mozilla/5.0 (Windows NT 10.0; Win64; x64; rv:120.0) Gecko/20100101 Firefox/120.0"
127.0.0.1 - - [14/Dec/2023:13:00:04 +0530] "POST /phpmyadmin/index.php?route=/database/sql/autocomplete HTTP/1.1" 200 1831 "-" "Mozilla/5.0 (Windows NT 10.0; Win64; x64; rv:120.0) Gecko/20100101 Firefox/120.0"
127.0.0.1 - - [14/Dec/2023:13:00:05 +0530] "POST /phpmyadmin/index.php?route=/lint HTTP/1.1" 200 28 "-" "Mozilla/5.0 (Windows NT 10.0; Win64; x64; rv:120.0) Gecko/20100101 Firefox/120.0"
127.0.0.1 - - [14/Dec/2023:13:00:10 +0530] "POST /phpmyadmin/index.php?route=/import HTTP/1.1" 200 2101 "-" "Mozilla/5.0 (Windows NT 10.0; Win64; x64; rv:120.0) Gecko/20100101 Firefox/120.0"
127.0.0.1 - - [14/Dec/2023:13:00:17 +0530] "GET /phpmyadmin/index.php?route=/table/sql&db=playground&table=company HTTP/1.1" 200 13175 "-" "Mozilla/5.0 (Windows NT 10.0; Win64; x64; rv:120.0) Gecko/20100101 Firefox/120.0"
127.0.0.1 - - [14/Dec/2023:13:00:18 +0530] "GET /phpmyadmin/js/messages.php?l=en&v=5.2.1 HTTP/1.1" 200 7911 "-" "Mozilla/5.0 (Windows NT 10.0; Win64; x64; rv:120.0) Gecko/20100101 Firefox/120.0"
127.0.0.1 - - [14/Dec/2023:13:00:18 +0530] "POST /phpmyadmin/index.php?route=/config/get HTTP/1.1" 200 1468 "-" "Mozilla/5.0 (Windows NT 10.0; Win64; x64; rv:120.0) Gecko/20100101 Firefox/120.0"
127.0.0.1 - - [14/Dec/2023:13:00:18 +0530] "POST /phpmyadmin/index.php?route=/navigation&ajax_request=1 HTTP/1.1" 200 2824 "-" "Mozilla/5.0 (Windows NT 10.0; Win64; x64; rv:120.0) Gecko/20100101 Firefox/120.0"
127.0.0.1 - - [14/Dec/2023:13:00:18 +0530] "POST /phpmyadmin/index.php?route=/lint HTTP/1.1" 200 28 "-" "Mozilla/5.0 (Windows NT 10.0; Win64; x64; rv:120.0) Gecko/20100101 Firefox/120.0"
127.0.0.1 - - [14/Dec/2023:13:00:18 +0530] "POST /phpmyadmin/index.php?route=/config/get HTTP/1.1" 200 1558 "-" "Mozilla/5.0 (Windows NT 10.0; Win64; x64; rv:120.0) Gecko/20100101 Firefox/120.0"
127.0.0.1 - - [14/Dec/2023:13:00:18 +0530] "GET /phpmyadmin/index.php?route=/recent-table&ajax_request=1&recent_table=1&no_debug=true&_nocache=1702539018375218702&token=5637506a73324a6f594c3e4b24555942 HTTP/1.1" 200 1533 "-" "Mozilla/5.0 (Windows NT 10.0; Win64; x64; rv:120.0) Gecko/20100101 Firefox/120.0"
127.0.0.1 - - [14/Dec/2023:13:00:18 +0530] "POST /phpmyadmin/index.php?route=/config/set HTTP/1.1" 200 1459 "-" "Mozilla/5.0 (Windows NT 10.0; Win64; x64; rv:120.0) Gecko/20100101 Firefox/120.0"
127.0.0.1 - - [14/Dec/2023:13:00:20 +0530] "GET /phpmyadmin/index.php?route=/sql&pos=0&db=playground&table=applications&ajax_request=true&ajax_page_request=true&_nocache=1702539020207683403&token=5637506a73324a6f594c3e4b24555942 HTTP/1.1" 200 5285 "-" "Mozilla/5.0 (Windows NT 10.0; Win64; x64; rv:120.0) Gecko/20100101 Firefox/120.0"
127.0.0.1 - - [14/Dec/2023:13:00:20 +0530] "GET /phpmyadmin/index.php?route=/recent-table&ajax_request=1&recent_table=1&no_debug=true&_nocache=1702539020534738114&token=5637506a73324a6f594c3e4b24555942 HTTP/1.1" 200 1545 "-" "Mozilla/5.0 (Windows NT 10.0; Win64; x64; rv:120.0) Gecko/20100101 Firefox/120.0"
::1 - - [14/Dec/2023:13:00:43 +0530] "GET /phpscript/ HTTP/1.1" 200 1549 "-" "Mozilla/5.0 (Windows NT 10.0; Win64; x64) AppleWebKit/537.36 (KHTML, like Gecko) Chrome/120.0.0.0 Safari/537.36"
::1 - - [14/Dec/2023:13:00:51 +0530] "GET /application/ HTTP/1.1" 200 990 "-" "Mozilla/5.0 (Windows NT 10.0; Win64; x64) AppleWebKit/537.36 (KHTML, like Gecko) Chrome/120.0.0.0 Safari/537.36"
::1 - - [14/Dec/2023:13:00:54 +0530] "GET /application/upload.php HTTP/1.1" 200 2055 "http://localhost/application/" "Mozilla/5.0 (Windows NT 10.0; Win64; x64) AppleWebKit/537.36 (KHTML, like Gecko) Chrome/120.0.0.0 Safari/537.36"
::1 - - [14/Dec/2023:13:02:36 +0530] "GET /application/upload.php HTTP/1.1" 200 2324 "http://localhost/application/" "Mozilla/5.0 (Windows NT 10.0; Win64; x64) AppleWebKit/537.36 (KHTML, like Gecko) Chrome/120.0.0.0 Safari/537.36"
::1 - - [14/Dec/2023:13:05:04 +0530] "GET /application/show.php HTTP/1.1" 200 810 "-" "Mozilla/5.0 (Windows NT 10.0; Win64; x64) AppleWebKit/537.36 (KHTML, like Gecko) Chrome/120.0.0.0 Safari/537.36"
::1 - - [14/Dec/2023:13:06:48 +0530] "GET /phpscript/ HTTP/1.1" 200 1549 "-" "Mozilla/5.0 (Windows NT 10.0; Win64; x64) AppleWebKit/537.36 (KHTML, like Gecko) Chrome/120.0.0.0 Safari/537.36"
::1 - - [14/Dec/2023:13:06:58 +0530] "GET /dbms/ HTTP/1.1" 200 1188 "-" "Mozilla/5.0 (Windows NT 10.0; Win64; x64) AppleWebKit/537.36 (KHTML, like Gecko) Chrome/120.0.0.0 Safari/537.36"
::1 - - [14/Dec/2023:13:07:01 +0530] "GET /dbms/upload.php HTTP/1.1" 200 2735 "http://localhost/dbms/" "Mozilla/5.0 (Windows NT 10.0; Win64; x64) AppleWebKit/537.36 (KHTML, like Gecko) Chrome/120.0.0.0 Safari/537.36"
::1 - - [14/Dec/2023:13:08:41 +0530] "POST /dbms/upload.php HTTP/1.1" 200 2764 "http://localhost/dbms/upload.php" "Mozilla/5.0 (Windows NT 10.0; Win64; x64) AppleWebKit/537.36 (KHTML, like Gecko) Chrome/120.0.0.0 Safari/537.36"
::1 - - [14/Dec/2023:13:08:46 +0530] "POST /dbms/display.php HTTP/1.1" 200 2924 "http://localhost/dbms/display.php" "Mozilla/5.0 (Windows NT 10.0; Win64; x64) AppleWebKit/537.36 (KHTML, like Gecko) Chrome/120.0.0.0 Safari/537.36"
::1 - - [14/Dec/2023:13:09:11 +0530] "GET /company/ HTTP/1.1" 200 1191 "-" "Mozilla/5.0 (Windows NT 10.0; Win64; x64) AppleWebKit/537.36 (KHTML, like Gecko) Chrome/120.0.0.0 Safari/537.36"
::1 - - [14/Dec/2023:13:09:16 +0530] "GET /company/create.php HTTP/1.1" 200 2022 "http://localhost/company/" "Mozilla/5.0 (Windows NT 10.0; Win64; x64) AppleWebKit/537.36 (KHTML, like Gecko) Chrome/120.0.0.0 Safari/537.36"
::1 - - [14/Dec/2023:13:09:49 +0530] "POST /company/create.php HTTP/1.1" 200 2051 "http://localhost/company/create.php" "Mozilla/5.0 (Windows NT 10.0; Win64; x64) AppleWebKit/537.36 (KHTML, like Gecko) Chrome/120.0.0.0 Safari/537.36"
::1 - - [14/Dec/2023:13:09:54 +0530] "POST /company/view.php HTTP/1.1" 200 2539 "http://localhost/company/view.php" "Mozilla/5.0 (Windows NT 10.0; Win64; x64) AppleWebKit/537.36 (KHTML, like Gecko) Chrome/120.0.0.0 Safari/537.36"
::1 - - [14/Dec/2023:13:10:27 +0530] "GET /placement HTTP/1.1" 301 334 "-" "Mozilla/5.0 (Windows NT 10.0; Win64; x64) AppleWebKit/537.36 (KHTML, like Gecko) Chrome/120.0.0.0 Safari/537.36"
::1 - - [14/Dec/2023:13:10:27 +0530] "GET /placement/ HTTP/1.1" 200 1195 "-" "Mozilla/5.0 (Windows NT 10.0; Win64; x64) AppleWebKit/537.36 (KHTML, like Gecko) Chrome/120.0.0.0 Safari/537.36"
::1 - - [14/Dec/2023:13:10:29 +0530] "GET /placement/add.php HTTP/1.1" 200 2055 "http://localhost/placement/" "Mozilla/5.0 (Windows NT 10.0; Win64; x64) AppleWebKit/537.36 (KHTML, like Gecko) Chrome/120.0.0.0 Safari/537.36"
::1 - - [14/Dec/2023:13:10:50 +0530] "POST /placement/add.php HTTP/1.1" 200 2084 "http://localhost/placement/add.php" "Mozilla/5.0 (Windows NT 10.0; Win64; x64) AppleWebKit/537.36 (KHTML, like Gecko) Chrome/120.0.0.0 Safari/537.36"
::1 - - [14/Dec/2023:13:10:56 +0530] "POST /placement/display.php HTTP/1.1" 200 2554 "http://localhost/placement/display.php" "Mozilla/5.0 (Windows NT 10.0; Win64; x64) AppleWebKit/537.36 (KHTML, like Gecko) Chrome/120.0.0.0 Safari/537.36"
::1 - - [14/Dec/2023:13:12:17 +0530] "POST /application/upload.php HTTP/1.1" 200 2353 "http://localhost/application/upload.php" "Mozilla/5.0 (Windows NT 10.0; Win64; x64) AppleWebKit/537.36 (KHTML, like Gecko) Chrome/120.0.0.0 Safari/537.36"
::1 - - [14/Dec/2023:13:12:24 +0530] "GET /phpscript/ HTTP/1.1" 200 1549 "-" "Mozilla/5.0 (Windows NT 10.0; Win64; x64) AppleWebKit/537.36 (KHTML, like Gecko) Chrome/120.0.0.0 Safari/537.36"
::1 - - [14/Dec/2023:13:12:36 +0530] "GET /application/ HTTP/1.1" 200 1199 "-" "Mozilla/5.0 (Windows NT 10.0; Win64; x64) AppleWebKit/537.36 (KHTML, like Gecko) Chrome/120.0.0.0 Safari/537.36"
::1 - - [14/Dec/2023:13:12:38 +0530] "GET /application/upload.php HTTP/1.1" 200 2324 "http://localhost/application/" "Mozilla/5.0 (Windows NT 10.0; Win64; x64) AppleWebKit/537.36 (KHTML, like Gecko) Chrome/120.0.0.0 Safari/537.36"
::1 - - [14/Dec/2023:13:12:43 +0530] "GET /application/show.php HTTP/1.1" 200 1961 "http://localhost/application/" "Mozilla/5.0 (Windows NT 10.0; Win64; x64) AppleWebKit/537.36 (KHTML, like Gecko) Chrome/120.0.0.0 Safari/537.36"
::1 - - [14/Dec/2023:13:19:04 +0530] "GET /phpscript/ HTTP/1.1" 200 1549 "-" "Mozilla/5.0 (Windows NT 10.0; Win64; x64) AppleWebKit/537.36 (KHTML, like Gecko) Chrome/120.0.0.0 Safari/537.36"
::1 - - [14/Dec/2023:13:19:12 +0530] "GET /salary/addnew HTTP/1.1" 404 295 "-" "Mozilla/5.0 (Windows NT 10.0; Win64; x64) AppleWebKit/537.36 (KHTML, like Gecko) Chrome/120.0.0.0 Safari/537.36"
::1 - - [14/Dec/2023:13:19:18 +0530] "GET /salary/addnew.php HTTP/1.1" 200 2057 "-" "Mozilla/5.0 (Windows NT 10.0; Win64; x64) AppleWebKit/537.36 (KHTML, like Gecko) Chrome/120.0.0.0 Safari/537.36"
127.0.0.1 - - [14/Dec/2023:13:20:08 +0530] "GET /phpmyadmin/index.php?route=/table/create&db=playground&ajax_request=true&ajax_page_request=true&_nocache=1702540208081450583&token=5637506a73324a6f594c3e4b24555942 HTTP/1.1" 200 33385 "-" "Mozilla/5.0 (Windows NT 10.0; Win64; x64; rv:120.0) Gecko/20100101 Firefox/120.0"
127.0.0.1 - - [14/Dec/2023:13:20:10 +0530] "GET /phpmyadmin/index.php?route=/database/sql&db=playground&ajax_request=true&ajax_page_request=true&_nocache=1702540210429202576&token=5637506a73324a6f594c3e4b24555942 HTTP/1.1" 200 4973 "-" "Mozilla/5.0 (Windows NT 10.0; Win64; x64; rv:120.0) Gecko/20100101 Firefox/120.0"
127.0.0.1 - - [14/Dec/2023:13:20:19 +0530] "POST /phpmyadmin/index.php?route=/database/sql/autocomplete HTTP/1.1" 200 1882 "-" "Mozilla/5.0 (Windows NT 10.0; Win64; x64; rv:120.0) Gecko/20100101 Firefox/120.0"
127.0.0.1 - - [14/Dec/2023:13:20:20 +0530] "POST /phpmyadmin/index.php?route=/lint HTTP/1.1" 200 142 "-" "Mozilla/5.0 (Windows NT 10.0; Win64; x64; rv:120.0) Gecko/20100101 Firefox/120.0"
127.0.0.1 - - [14/Dec/2023:13:20:22 +0530] "POST /phpmyadmin/index.php?route=/lint HTTP/1.1" 200 28 "-" "Mozilla/5.0 (Windows NT 10.0; Win64; x64; rv:120.0) Gecko/20100101 Firefox/120.0"
127.0.0.1 - - [14/Dec/2023:13:20:26 +0530] "POST /phpmyadmin/index.php?route=/import HTTP/1.1" 200 1982 "-" "Mozilla/5.0 (Windows NT 10.0; Win64; x64; rv:120.0) Gecko/20100101 Firefox/120.0"
127.0.0.1 - - [14/Dec/2023:13:20:27 +0530] "POST /phpmyadmin/index.php?route=/navigation&ajax_request=1 HTTP/1.1" 200 2881 "-" "Mozilla/5.0 (Windows NT 10.0; Win64; x64; rv:120.0) Gecko/20100101 Firefox/120.0"
127.0.0.1 - - [14/Dec/2023:13:20:32 +0530] "GET /phpmyadmin/index.php?route=/sql&pos=0&db=playground&table=salary_details&ajax_request=true&ajax_page_request=true&_nocache=1702540232007949569&token=5637506a73324a6f594c3e4b24555942 HTTP/1.1" 200 5284 "-" "Mozilla/5.0 (Windows NT 10.0; Win64; x64; rv:120.0) Gecko/20100101 Firefox/120.0"
127.0.0.1 - - [14/Dec/2023:13:20:32 +0530] "GET /phpmyadmin/index.php?route=/recent-table&ajax_request=1&recent_table=1&no_debug=true&_nocache=1702540232299652834&token=5637506a73324a6f594c3e4b24555942 HTTP/1.1" 200 1562 "-" "Mozilla/5.0 (Windows NT 10.0; Win64; x64; rv:120.0) Gecko/20100101 Firefox/120.0"
::1 - - [14/Dec/2023:13:20:37 +0530] "POST /salary/addnew.php HTTP/1.1" 200 329 "http://localhost/salary/addnew.php" "Mozilla/5.0 (Windows NT 10.0; Win64; x64) AppleWebKit/537.36 (KHTML, like Gecko) Chrome/120.0.0.0 Safari/537.36"
::1 - - [14/Dec/2023:13:20:47 +0530] "POST /salary/addnew.php HTTP/1.1" 200 329 "http://localhost/salary/addnew.php" "Mozilla/5.0 (Windows NT 10.0; Win64; x64) AppleWebKit/537.36 (KHTML, like Gecko) Chrome/120.0.0.0 Safari/537.36"
::1 - - [14/Dec/2023:13:22:04 +0530] "POST /salary/addnew.php HTTP/1.1" 404 295 "http://localhost/salary/addnew.php" "Mozilla/5.0 (Windows NT 10.0; Win64; x64) AppleWebKit/537.36 (KHTML, like Gecko) Chrome/120.0.0.0 Safari/537.36"
::1 - - [14/Dec/2023:13:22:23 +0530] "GET /salary_details/addnew.php HTTP/1.1" 200 2057 "-" "Mozilla/5.0 (Windows NT 10.0; Win64; x64) AppleWebKit/537.36 (KHTML, like Gecko) Chrome/120.0.0.0 Safari/537.36"
::1 - - [14/Dec/2023:13:22:33 +0530] "POST /salary_details/addnew.php HTTP/1.1" 200 353 "http://localhost/salary_details/addnew.php" "Mozilla/5.0 (Windows NT 10.0; Win64; x64) AppleWebKit/537.36 (KHTML, like Gecko) Chrome/120.0.0.0 Safari/537.36"
::1 - - [14/Dec/2023:13:24:24 +0530] "POST /salary_details/addnew.php HTTP/1.1" 200 355 "http://localhost/salary_details/addnew.php" "Mozilla/5.0 (Windows NT 10.0; Win64; x64) AppleWebKit/537.36 (KHTML, like Gecko) Chrome/120.0.0.0 Safari/537.36"
::1 - - [14/Dec/2023:13:24:29 +0530] "POST /salary_details/addnew.php HTTP/1.1" 200 355 "http://localhost/salary_details/addnew.php" "Mozilla/5.0 (Windows NT 10.0; Win64; x64) AppleWebKit/537.36 (KHTML, like Gecko) Chrome/120.0.0.0 Safari/537.36"
::1 - - [14/Dec/2023:13:24:30 +0530] "GET /salary_details/addnew.php HTTP/1.1" 200 2057 "-" "Mozilla/5.0 (Windows NT 10.0; Win64; x64) AppleWebKit/537.36 (KHTML, like Gecko) Chrome/120.0.0.0 Safari/537.36"
::1 - - [14/Dec/2023:13:24:32 +0530] "POST /salary_details/addnew.php HTTP/1.1" 200 355 "http://localhost/salary_details/addnew.php" "Mozilla/5.0 (Windows NT 10.0; Win64; x64) AppleWebKit/537.36 (KHTML, like Gecko) Chrome/120.0.0.0 Safari/537.36"
127.0.0.1 - - [14/Dec/2023:13:24:46 +0530] "GET /phpmyadmin/index.php?route=/sql&pos=0&db=playground&table=salary_details&ajax_request=true&ajax_page_request=true&_nocache=1702540486184907953&token=5637506a73324a6f594c3e4b24555942 HTTP/1.1" 200 5286 "-" "Mozilla/5.0 (Windows NT 10.0; Win64; x64; rv:120.0) Gecko/20100101 Firefox/120.0"
127.0.0.1 - - [14/Dec/2023:13:24:46 +0530] "GET /phpmyadmin/index.php?route=/recent-table&ajax_request=1&recent_table=1&no_debug=true&_nocache=1702540486481577443&token=5637506a73324a6f594c3e4b24555942 HTTP/1.1" 200 1562 "-" "Mozilla/5.0 (Windows NT 10.0; Win64; x64; rv:120.0) Gecko/20100101 Firefox/120.0"
127.0.0.1 - - [14/Dec/2023:13:27:36 +0530] "GET /phpmyadmin/index.php?route=/sql&pos=0&db=playground&table=salary_details&ajax_request=true&ajax_page_request=true&_nocache=1702540656461251523&token=5637506a73324a6f594c3e4b24555942 HTTP/1.1" 200 5286 "-" "Mozilla/5.0 (Windows NT 10.0; Win64; x64; rv:120.0) Gecko/20100101 Firefox/120.0"
127.0.0.1 - - [14/Dec/2023:13:27:36 +0530] "GET /phpmyadmin/index.php?route=/recent-table&ajax_request=1&recent_table=1&no_debug=true&_nocache=170254065674670847&token=5637506a73324a6f594c3e4b24555942 HTTP/1.1" 200 1562 "-" "Mozilla/5.0 (Windows NT 10.0; Win64; x64; rv:120.0) Gecko/20100101 Firefox/120.0"
::1 - - [14/Dec/2023:13:28:27 +0530] "GET /salary_details/new.php HTTP/1.1" 200 2057 "-" "Mozilla/5.0 (Windows NT 10.0; Win64; x64) AppleWebKit/537.36 (KHTML, like Gecko) Chrome/120.0.0.0 Safari/537.36"
::1 - - [14/Dec/2023:13:28:38 +0530] "POST /salary_details/new.php HTTP/1.1" 200 344 "http://localhost/salary_details/new.php" "Mozilla/5.0 (Windows NT 10.0; Win64; x64) AppleWebKit/537.36 (KHTML, like Gecko) Chrome/120.0.0.0 Safari/537.36"
::1 - - [14/Dec/2023:13:30:19 +0530] "POST /salary_details/new.php HTTP/1.1" 200 2086 "http://localhost/salary_details/new.php" "Mozilla/5.0 (Windows NT 10.0; Win64; x64) AppleWebKit/537.36 (KHTML, like Gecko) Chrome/120.0.0.0 Safari/537.36"
127.0.0.1 - - [14/Dec/2023:13:30:57 +0530] "GET /phpmyadmin/index.php?route=/sql&pos=0&db=playground&table=salary_details HTTP/1.1" 200 14607 "-" "Mozilla/5.0 (Windows NT 10.0; Win64; x64; rv:120.0) Gecko/20100101 Firefox/120.0"
127.0.0.1 - - [14/Dec/2023:13:30:57 +0530] "GET /phpmyadmin/themes/pmahomme/img/s_notice.png HTTP/1.1" 200 567 "http://localhost/phpmyadmin/themes/pmahomme/css/theme.css?v=5.2.1" "Mozilla/5.0 (Windows NT 10.0; Win64; x64; rv:120.0) Gecko/20100101 Firefox/120.0"
127.0.0.1 - - [14/Dec/2023:13:30:57 +0530] "POST /phpmyadmin/index.php?route=/config/get HTTP/1.1" 200 1468 "-" "Mozilla/5.0 (Windows NT 10.0; Win64; x64; rv:120.0) Gecko/20100101 Firefox/120.0"
127.0.0.1 - - [14/Dec/2023:13:30:57 +0530] "POST /phpmyadmin/index.php?route=/config/get HTTP/1.1" 200 1558 "-" "Mozilla/5.0 (Windows NT 10.0; Win64; x64; rv:120.0) Gecko/20100101 Firefox/120.0"
127.0.0.1 - - [14/Dec/2023:13:30:57 +0530] "POST /phpmyadmin/index.php?route=/navigation&ajax_request=1 HTTP/1.1" 200 2891 "-" "Mozilla/5.0 (Windows NT 10.0; Win64; x64; rv:120.0) Gecko/20100101 Firefox/120.0"
127.0.0.1 - - [14/Dec/2023:13:30:57 +0530] "GET /phpmyadmin/index.php?route=/recent-table&ajax_request=1&recent_table=1&no_debug=true&_nocache=1702540857580943110&token=5637506a73324a6f594c3e4b24555942 HTTP/1.1" 200 1562 "-" "Mozilla/5.0 (Windows NT 10.0; Win64; x64; rv:120.0) Gecko/20100101 Firefox/120.0"
127.0.0.1 - - [14/Dec/2023:13:30:57 +0530] "POST /phpmyadmin/index.php?route=/config/set HTTP/1.1" 200 1459 "-" "Mozilla/5.0 (Windows NT 10.0; Win64; x64; rv:120.0) Gecko/20100101 Firefox/120.0"
::1 - - [14/Dec/2023:13:32:22 +0530] "GET /salary_details/newview.php HTTP/1.1" 200 2164 "-" "Mozilla/5.0 (Windows NT 10.0; Win64; x64) AppleWebKit/537.36 (KHTML, like Gecko) Chrome/120.0.0.0 Safari/537.36"
::1 - - [14/Dec/2023:13:32:48 +0530] "POST /salary_details/newview.php HTTP/1.1" 200 2195 "http://localhost/salary_details/newview.php" "Mozilla/5.0 (Windows NT 10.0; Win64; x64) AppleWebKit/537.36 (KHTML, like Gecko) Chrome/120.0.0.0 Safari/537.36"
::1 - - [14/Dec/2023:13:37:48 +0530] "-" 408 - "-" "-"
::1 - - [14/Dec/2023:13:44:16 +0530] "POST /dbms/display.php HTTP/1.1" 200 3499 "http://localhost/dbms/display.php" "Mozilla/5.0 (Windows NT 10.0; Win64; x64) AppleWebKit/537.36 (KHTML, like Gecko) Chrome/120.0.0.0 Safari/537.36"
::1 - - [14/Dec/2023:13:44:21 +0530] "POST /dbms/display.php HTTP/1.1" 200 2924 "http://localhost/dbms/display.php" "Mozilla/5.0 (Windows NT 10.0; Win64; x64) AppleWebKit/537.36 (KHTML, like Gecko) Chrome/120.0.0.0 Safari/537.36"
127.0.0.1 - - [14/Dec/2023:13:44:30 +0530] "GET /phpmyadmin/index.php?route=/sql&pos=0&db=playground&table=file_upload&ajax_request=true&ajax_page_request=true&_nocache=1702541670004646982&token=5637506a73324a6f594c3e4b24555942 HTTP/1.1" 200 7357 "-" "Mozilla/5.0 (Windows NT 10.0; Win64; x64; rv:120.0) Gecko/20100101 Firefox/120.0"
127.0.0.1 - - [14/Dec/2023:13:44:30 +0530] "GET /phpmyadmin/index.php?route=/recent-table&ajax_request=1&recent_table=1&no_debug=true&_nocache=1702541670445604500&token=5637506a73324a6f594c3e4b24555942 HTTP/1.1" 200 1562 "-" "Mozilla/5.0 (Windows NT 10.0; Win64; x64; rv:120.0) Gecko/20100101 Firefox/120.0"
127.0.0.1 - - [14/Dec/2023:13:44:39 +0530] "GET /phpmyadmin/index.php?route=/sql&pos=0&db=playground&table=company&ajax_request=true&ajax_page_request=true&_nocache=1702541679210386086&token=5637506a73324a6f594c3e4b24555942 HTTP/1.1" 200 7958 "-" "Mozilla/5.0 (Windows NT 10.0; Win64; x64; rv:120.0) Gecko/20100101 Firefox/120.0"
127.0.0.1 - - [14/Dec/2023:13:44:39 +0530] "GET /phpmyadmin/index.php?route=/recent-table&ajax_request=1&recent_table=1&no_debug=true&_nocache=1702541679615347900&token=5637506a73324a6f594c3e4b24555942 HTTP/1.1" 200 1562 "-" "Mozilla/5.0 (Windows NT 10.0; Win64; x64; rv:120.0) Gecko/20100101 Firefox/120.0"
127.0.0.1 - - [14/Dec/2023:13:44:52 +0530] "GET /phpmyadmin/index.php?route=/sql&pos=0&db=playground&table=student&ajax_request=true&ajax_page_request=true&_nocache=1702541692014120922&token=5637506a73324a6f594c3e4b24555942 HTTP/1.1" 200 8312 "-" "Mozilla/5.0 (Windows NT 10.0; Win64; x64; rv:120.0) Gecko/20100101 Firefox/120.0"
127.0.0.1 - - [14/Dec/2023:13:44:52 +0530] "GET /phpmyadmin/index.php?route=/recent-table&ajax_request=1&recent_table=1&no_debug=true&_nocache=1702541692397962151&token=5637506a73324a6f594c3e4b24555942 HTTP/1.1" 200 1573 "-" "Mozilla/5.0 (Windows NT 10.0; Win64; x64; rv:120.0) Gecko/20100101 Firefox/120.0"
::1 - - [14/Dec/2023:14:07:26 +0530] "POST /application/show.php HTTP/1.1" 200 2398 "http://localhost/application/show.php" "Mozilla/5.0 (Windows NT 10.0; Win64; x64) AppleWebKit/537.36 (KHTML, like Gecko) Chrome/120.0.0.0 Safari/537.36"
::1 - - [14/Dec/2023:14:07:38 +0530] "POST /application/show.php HTTP/1.1" 200 1961 "http://localhost/application/show.php" "Mozilla/5.0 (Windows NT 10.0; Win64; x64) AppleWebKit/537.36 (KHTML, like Gecko) Chrome/120.0.0.0 Safari/537.36"
127.0.0.1 - - [14/Dec/2023:14:08:47 +0530] "POST /phpmyadmin/index.php?route=/ HTTP/1.1" 200 1506 "-" "Mozilla/5.0 (Windows NT 10.0; Win64; x64; rv:120.0) Gecko/20100101 Firefox/120.0"
::1 - - [14/Dec/2023:14:12:38 +0530] "-" 408 - "-" "-"
::1 - - [14/Dec/2023:14:15:35 +0530] "GET /dbms/upload.php HTTP/1.1" 200 2735 "-" "Mozilla/5.0 (Windows NT 10.0; Win64; x64) AppleWebKit/537.36 (KHTML, like Gecko) Chrome/120.0.0.0 Safari/537.36"
10.11.161.76 - - [14/Dec/2023:14:22:08 +0530] "GET / HTTP/1.1" 302 - "-" "HomeNet/1.0"
::1 - - [14/Dec/2023:14:22:47 +0530] "GET /dbms/upload.php HTTP/1.1" 200 2735 "-" "Mozilla/5.0 (Windows NT 10.0; Win64; x64) AppleWebKit/537.36 (KHTML, like Gecko) Chrome/120.0.0.0 Safari/537.36"
::1 - - [14/Dec/2023:14:23:11 +0530] "POST /dbms/upload.php HTTP/1.1" 200 2764 "http://localhost/dbms/upload.php" "Mozilla/5.0 (Windows NT 10.0; Win64; x64) AppleWebKit/537.36 (KHTML, like Gecko) Chrome/120.0.0.0 Safari/537.36"
::1 - - [14/Dec/2023:14:23:19 +0530] "GET /dbms/upload.php HTTP/1.1" 200 2735 "-" "Mozilla/5.0 (Windows NT 10.0; Win64; x64) AppleWebKit/537.36 (KHTML, like Gecko) Chrome/120.0.0.0 Safari/537.36"
::1 - - [14/Dec/2023:14:23:23 +0530] "GET /dbms/display.php HTTP/1.1" 200 3737 "-" "Mozilla/5.0 (Windows NT 10.0; Win64; x64) AppleWebKit/537.36 (KHTML, like Gecko) Chrome/120.0.0.0 Safari/537.36"
127.0.0.1 - - [14/Dec/2023:14:23:32 +0530] "GET /phpmyadmin/index.php?route=/sql&pos=0&db=playground&table=student HTTP/1.1" 200 16529 "-" "Mozilla/5.0 (Windows NT 10.0; Win64; x64; rv:120.0) Gecko/20100101 Firefox/120.0"
127.0.0.1 - - [14/Dec/2023:14:23:33 +0530] "GET /phpmyadmin/js/messages.php?l=en&v=5.2.1 HTTP/1.1" 200 7911 "-" "Mozilla/5.0 (Windows NT 10.0; Win64; x64; rv:120.0) Gecko/20100101 Firefox/120.0"
127.0.0.1 - - [14/Dec/2023:14:23:33 +0530] "POST /phpmyadmin/index.php?route=/config/get HTTP/1.1" 200 1558 "-" "Mozilla/5.0 (Windows NT 10.0; Win64; x64; rv:120.0) Gecko/20100101 Firefox/120.0"
127.0.0.1 - - [14/Dec/2023:14:23:33 +0530] "POST /phpmyadmin/index.php?route=/config/get HTTP/1.1" 200 1468 "-" "Mozilla/5.0 (Windows NT 10.0; Win64; x64; rv:120.0) Gecko/20100101 Firefox/120.0"
127.0.0.1 - - [14/Dec/2023:14:23:33 +0530] "POST /phpmyadmin/index.php?route=/navigation&ajax_request=1 HTTP/1.1" 200 2902 "-" "Mozilla/5.0 (Windows NT 10.0; Win64; x64; rv:120.0) Gecko/20100101 Firefox/120.0"
127.0.0.1 - - [14/Dec/2023:14:23:33 +0530] "GET /phpmyadmin/index.php?route=/recent-table&ajax_request=1&recent_table=1&no_debug=true&_nocache=1702544013361937762&token=5637506a73324a6f594c3e4b24555942 HTTP/1.1" 200 1573 "-" "Mozilla/5.0 (Windows NT 10.0; Win64; x64; rv:120.0) Gecko/20100101 Firefox/120.0"
127.0.0.1 - - [14/Dec/2023:14:23:33 +0530] "POST /phpmyadmin/index.php?route=/config/set HTTP/1.1" 200 1459 "-" "Mozilla/5.0 (Windows NT 10.0; Win64; x64; rv:120.0) Gecko/20100101 Firefox/120.0"
::1 - - [14/Dec/2023:14:23:44 +0530] "GET /dbms/display.php HTTP/1.1" 200 3737 "-" "Mozilla/5.0 (Windows NT 10.0; Win64; x64) AppleWebKit/537.36 (KHTML, like Gecko) Chrome/120.0.0.0 Safari/537.36"
::1 - - [14/Dec/2023:14:23:47 +0530] "POST /dbms/display.php HTTP/1.1" 200 2924 "http://localhost/dbms/display.php" "Mozilla/5.0 (Windows NT 10.0; Win64; x64) AppleWebKit/537.36 (KHTML, like Gecko) Chrome/120.0.0.0 Safari/537.36"
::1 - - [14/Dec/2023:14:23:52 +0530] "POST /dbms/display.php HTTP/1.1" 200 3499 "http://localhost/dbms/display.php" "Mozilla/5.0 (Windows NT 10.0; Win64; x64) AppleWebKit/537.36 (KHTML, like Gecko) Chrome/120.0.0.0 Safari/537.36"
::1 - - [14/Dec/2023:14:24:04 +0530] "POST /dbms/display.php HTTP/1.1" 200 2927 "http://localhost/dbms/display.php" "Mozilla/5.0 (Windows NT 10.0; Win64; x64) AppleWebKit/537.36 (KHTML, like Gecko) Chrome/120.0.0.0 Safari/537.36"
::1 - - [14/Dec/2023:14:24:35 +0530] "GET /phpscript/index.php HTTP/1.1" 200 1549 "-" "Mozilla/5.0 (Windows NT 10.0; Win64; x64) AppleWebKit/537.36 (KHTML, like Gecko) Chrome/120.0.0.0 Safari/537.36"
::1 - - [14/Dec/2023:14:24:45 +0530] "POST /phpscript/index.php HTTP/1.1" 200 1576 "http://localhost/phpscript/index.php" "Mozilla/5.0 (Windows NT 10.0; Win64; x64) AppleWebKit/537.36 (KHTML, like Gecko) Chrome/120.0.0.0 Safari/537.36"
::1 - - [14/Dec/2023:14:24:50 +0530] "GET /phpscript/download.php HTTP/1.1" 200 2078 "-" "Mozilla/5.0 (Windows NT 10.0; Win64; x64) AppleWebKit/537.36 (KHTML, like Gecko) Chrome/120.0.0.0 Safari/537.36"
127.0.0.1 - - [14/Dec/2023:14:25:01 +0530] "GET /phpmyadmin/index.php?route=/sql&pos=0&db=playground&table=file_upload&ajax_request=true&ajax_page_request=true&_nocache=1702544101196945831&token=5637506a73324a6f594c3e4b24555942 HTTP/1.1" 200 8112 "-" "Mozilla/5.0 (Windows NT 10.0; Win64; x64; rv:120.0) Gecko/20100101 Firefox/120.0"
127.0.0.1 - - [14/Dec/2023:14:25:01 +0530] "GET /phpmyadmin/index.php?route=/recent-table&ajax_request=1&recent_table=1&no_debug=true&_nocache=1702544101626486616&token=5637506a73324a6f594c3e4b24555942 HTTP/1.1" 200 1572 "-" "Mozilla/5.0 (Windows NT 10.0; Win64; x64; rv:120.0) Gecko/20100101 Firefox/120.0"
127.0.0.1 - - [14/Dec/2023:15:01:52 +0530] "GET /phpmyadmin/ HTTP/1.1" 200 17135 "-" "Mozilla/5.0 (Windows NT 10.0; Win64; x64; rv:120.0) Gecko/20100101 Firefox/120.0"
127.0.0.1 - - [14/Dec/2023:15:01:53 +0530] "GET /phpmyadmin/themes/pmahomme/img/logo_left.png HTTP/1.1" 200 2713 "-" "Mozilla/5.0 (Windows NT 10.0; Win64; x64; rv:120.0) Gecko/20100101 Firefox/120.0"
127.0.0.1 - - [14/Dec/2023:15:01:53 +0530] "GET /phpmyadmin/themes/dot.gif HTTP/1.1" 200 43 "-" "Mozilla/5.0 (Windows NT 10.0; Win64; x64; rv:120.0) Gecko/20100101 Firefox/120.0"
127.0.0.1 - - [14/Dec/2023:15:01:53 +0530] "GET /phpmyadmin/js/dist/cross_framing_protection.js?v=5.2.1 HTTP/1.1" 200 405 "-" "Mozilla/5.0 (Windows NT 10.0; Win64; x64; rv:120.0) Gecko/20100101 Firefox/120.0"
127.0.0.1 - - [14/Dec/2023:15:01:53 +0530] "GET /phpmyadmin/js/dist/codemirror/addon/lint/sql-lint.js?v=5.2.1 HTTP/1.1" 200 940 "-" "Mozilla/5.0 (Windows NT 10.0; Win64; x64; rv:120.0) Gecko/20100101 Firefox/120.0"
127.0.0.1 - - [14/Dec/2023:15:01:53 +0530] "GET /phpmyadmin/themes/pmahomme/img/b_home.png HTTP/1.1" 200 734 "http://localhost/phpmyadmin/themes/pmahomme/css/theme.css?v=5.2.1" "Mozilla/5.0 (Windows NT 10.0; Win64; x64; rv:120.0) Gecko/20100101 Firefox/120.0"
127.0.0.1 - - [14/Dec/2023:15:01:53 +0530] "GET /phpmyadmin/themes/pmahomme/img/s_loggoff.png HTTP/1.1" 200 626 "http://localhost/phpmyadmin/themes/pmahomme/css/theme.css?v=5.2.1" "Mozilla/5.0 (Windows NT 10.0; Win64; x64; rv:120.0) Gecko/20100101 Firefox/120.0"
